# serializer version: 1
# name: test_login_success
  Client(
    account=None,
    device_confs=list([
    ]),
    token='0-XXXXXXXXXXXXXXXXXXXXXXXXXXXXXXXXXXXXXX',
  )
# ---
# name: test_update_confs
  list([
    dict({
      'AccessLevel': 3,
      'AdaptorType': 3,
      'AreaID': None,
      'AreaName': None,
      'BuildingCountry': None,
      'BuildingID': 1,
      'BuildingName': None,
      'Device': dict({
        'ActualFanSpeed': 0,
        'AdaptorType': 3,
        'AirDirectionFunction': True,
        'AutoEnergyConsumedRate1': 0,
        'AutoEnergyConsumedRate2': 0,
        'AutomaticFanSpeed': False,
        'CanAuto': False,
        'CanCool': True,
        'CanDry': True,
        'CanHeat': True,
        'ConfiguredDemandPercentage': None,
        'ConsecutiveUploadErrors': 0,
        'CoolingDisabled': False,
        'CoolingEnergyConsumedRate1': 0,
        'CoolingEnergyConsumedRate2': 0,
        'CurrentEnergyConsumed': 0,
        'CurrentEnergyMode': 7,
        'DefaultCoolingSetTemperature': 10.0,
        'DefaultHeatingSetTemperature': None,
        'DemandPercentage': 100,
        'DetectedCountry': None,
        'DeviceID': 1,
        'DeviceType': 0,
        'DiagnosticEndDate': None,
        'DiagnosticMode': 0,
        'DoNotRespondAfter': None,
        'DryEnergyConsumedRate1': 0,
        'DryEnergyConsumedRate2': 0,
        'EffectiveFlags': 0,
        'EffectivePCycle': 1,
        'EnergyCorrectionActive': False,
        'EnergyCorrectionModel': None,
        'ErrorCode': 8000,
        'ErrorMessages': '',
        'EstimateAtaEnergyProduction': False,
        'EstimateAtaEnergyProductionOptIn': False,
        'EstimateAtaEnergyProductionOptInTimestamp': None,
        'ExceptionCount': None,
        'ExceptionDate': None,
        'ExceptionHash': None,
        'ExpectedCommand': 1,
        'FanEnergyConsumedRate1': 0,
        'FanEnergyConsumedRate2': 0,
        'FanSpeed': 1,
        'FirmwareAppVersion': 0,
        'FirmwareDeployment': None,
        'FirmwareUpdateAborted': False,
        'FirmwareWebVersion': 0,
        'FirmwareWlanVersion': 0,
        'FlashWrites': 9,
        'HasAutomaticFanSpeed': True,
        'HasDemandSideControl': False,
        'HasEnergyConsumedMeter': True,
        'HasError': False,
        'HasErrorMessages': False,
        'HasHalfDegreeIncrements': True,
        'HasOutdoorTemperature': True,
        'HasZone2': False,
        'HeatingEnergyConsumedRate1': 0,
        'HeatingEnergyConsumedRate2': 0,
        'HideEnergyReport': False,
        'InStandbyMode': False,
        'IsSplitSystem': False,
        'LastEffectiveFlags': 0,
        'LastReset': '2024-04-22T19:00:19.229',
        'LastTimeStamp': '2025-04-08T23:09:00',
        'LegacyDevice': False,
        'LinkToMELCloudHome': False,
        'LinkedByUserFromMELCloudHome': '00000000-0000-0000-0000-000000000000',
        'LinkedDevice': None,
        'MacAddress': '00:00:00:00:00:00',
        'MaxIndoorUnits': 255,
        'MaxOutdoorUnits': 255,
        'MaxPcycle': 1,
        'MaxTempAutomatic': 10.0,
        'MaxTempCoolDry': 10.0,
        'MaxTempHeat': 10.0,
        'MaxTemperatureControlUnits': 0,
        'MinPcycle': 1,
        'MinTempAutomatic': 16.0,
        'MinTempCoolDry': 16.0,
        'MinTempHeat': 10.0,
        'ModelCode': '0000',
        'ModelDisableEnergyReport': False,
        'ModelIsAirCurtain': False,
        'ModelSupportsAuto': True,
        'ModelSupportsDry': True,
        'ModelSupportsEnergyReporting': False,
        'ModelSupportsFanSpeed': True,
        'ModelSupportsHeat': True,
        'ModelSupportsStandbyMode': True,
        'ModelSupportsVaneHorizontal': True,
        'ModelSupportsVaneVertical': True,
        'ModelSupportsWideVane': False,
        'MqttFlags': 0,
        'NumberOfFanSpeeds': 4,
        'Offline': False,
        'OperationMode': 7,
        'OtherEnergyConsumedRate1': 0,
        'OtherEnergyConsumedRate2': 0,
        'OutdoorTemperature': None,
        'Owner': 1,
        'OwnerCountry': 1,
        'OwnerRoleAccessLevel': 1,
        'PCycle': 10,
        'PCycleActual': 0,
        'PCycleConfigured': None,
        'Passcode': None,
        'Position': 'Unknown',
        'Power': False,
        'ProhibitOperationMode': False,
        'ProhibitPower': False,
        'ProhibitSetTemperature': False,
        'ProtocolVersion': 0,
        'Rate1StartTime': None,
        'Rate2StartTime': None,
        'RecordNumMax': 0,
        'RoomTemperature': 15.5,
        'RoomTemperatureLabel': 0,
        'SPTimeout': 1,
        'SSLExpirationDate': '2037-12-31T00:00:00',
        'Scene': None,
        'SerialNumber': '0000000000',
        'ServerCommunicationDisabled': False,
        'SetTemperature': 16.0,
        'SupportsHourlyEnergyReport': True,
        'SwingFunction': True,
        'TemperatureIncrement': 0.5,
        'TemperatureIncrementOverride': 0,
        'TimeZoneID': 1,
        'UnitSupportsStandbyMode': True,
        'UnitVersion': 0,
        'Units': list([
          dict({
            'Device': 0,
            'ID': 1,
            'IsIndoor': True,
            'Model': '1',
            'ModelNumber': None,
            'SerialNumber': None,
            'UnitType': 1,
          }),
        ]),
        'UseTemperatureA': True,
        'VaneHorizontalDirection': 3,
        'VaneHorizontalSwing': False,
        'VaneVerticalDirection': 1,
        'VaneVerticalSwing': False,
        'WeatherForecast': list([
        ]),
        'WifiAdapterStatus': 'NORMAL',
        'WifiSignalStrength': -39,
      }),
      'DeviceID': 1,
      'DeviceName': 'Device1',
      'DirectAccess': False,
      'EndDate': '2500-01-01T00:00:00',
      'EstimateAtaEnergyProduction': False,
      'EstimateAtaEnergyProductionOptIn': False,
      'FloorID': None,
      'FloorName': None,
      'HideDryModeControl': False,
      'HideOutdoorTemperature': False,
      'HideRoomTemperature': False,
      'HideSupplyTemperature': False,
      'HideVaneControls': False,
      'ImageID': -1,
      'InstallationDate': '2023-09-30T00:00:00',
      'LastServiceDate': '2023-09-30T00:00:00',
      'LinkedDevice': None,
      'MacAddress': '00:00:00:00:00:00',
      'MaxTemperature': 10,
      'MinTemperature': 10,
      'OwnerCountry': None,
      'OwnerEmail': None,
      'OwnerID': 1,
      'OwnerName': None,
      'Presets': list([
      ]),
      'SerialNumber': '0000000000',
      'Type': 0,
      'Zone1Name': None,
      'Zone2Name': None,
    }),
  ])
# ---
# name: test_update_confs.1
  dict({
    'Address1': None,
    'Address2': None,
    'AlternateEmailAddress': None,
    'City': None,
    'CountryID': 1,
    'CountryName': 'Country',
    'DatePasswordResetRequested': None,
    'DateVerificationSent': '2023-10-19T15:45:56.55',
    'DateVerified': '2023-10-19T15:46:14.483',
    'DefaultMaximumDevices': 10,
    'EmailAddress': 'user@example.com',
    'EmailCommsErrors': 0,
    'EmailOnCommsError': False,
    'EmailOnUnitError': False,
    'EmailUnitErrors': 0,
    'Enabled': True,
    'FirstName': 'John',
    'HidePresetPanel': False,
    'Honorific': 'Mr.',
    'ID': 1,
    'LanguageID': 0,
    'LanguageName': 'English',
    'LastAnnouncement': 0,
    'LastLogin': None,
    'LastName': 'Doe',
    'MapLatitude': 0.0,
    'MapLongitude': 0.0,
    'MapZoom': 0,
    'MaximumDevices': 0,
    'MobilePhone': None,
    'PendingEmailAddress': None,
    'Phone': None,
    'PostCode': None,
    'RoleID': 0,
    'RoleName': 'Ordinary User',
    'SendMarketingMessages': False,
    'Sex': 'M',
    'SkipFrostProtectionPage1': False,
    'SkipHolidayModePage1': False,
    'SkipTimerPage1': False,
    'TelephoneQuestion': 'Confidential',
    'Terms': 1292,
    'Throttle': True,
    'TimeZoneCity': 1,
    'UseFahrenheit': False,
  })
# ---
